error: expected `builder( each = "..." )`
  --> ../../../rust/builder/test/08-unrecognized-attribute.rs:24:3
   |
24 |   #[builder( eac = "arg" )]
   |   ^^^^^^^^^^^^^^^^^^^^^^^^^
